   2  +0 =2 -0  score 50.0% [50.0, 50.0]  elo -0  worst clock 28.3s
   4  +2 =2 -0  score 75.0% [46.7, 100.0]  elo +191  worst clock 11.0s
   6  +2 =4 -0  score 66.7% [46.0, 87.3]  elo +120  worst clock 11.0s
   8  +2 =5 -1  score 56.2% [34.0, 78.5]  elo +44  worst clock 11.0s
  10  +2 =7 -1  score 55.0% [37.4, 72.6]  elo +35  worst clock 11.0s
  12  +2 =8 -2  score 50.0% [32.9, 67.1]  elo -0  worst clock 6.6s
  14  +2 =9 -3  score 46.4% [30.3, 62.6]  elo -25  worst clock 5.8s
  16  +2 =11 -3  score 46.9% [32.8, 60.9]  elo -22  worst clock 5.8s
  18  +2 =12 -4  score 44.4% [31.0, 57.9]  elo -39  worst clock 5.8s
  20  +2 =14 -4  score 45.0% [32.9, 57.1]  elo -35  worst clock 5.8s
  22  +2 =15 -5  score 43.2% [31.5, 54.9]  elo -48  worst clock 4.1s
  24  +2 =16 -6  score 41.7% [30.4, 53.0]  elo -58  worst clock 4.1s
  26  +3 =17 -6  score 44.2% [32.9, 55.5]  elo -40  worst clock 4.1s
  28  +3 =17 -8  score 41.1% [29.7, 52.4]  elo -63  worst clock 4.1s
  30  +4 =18 -8  score 43.3% [32.1, 54.6]  elo -47  worst clock 4.1s
  32  +5 =19 -8  score 45.3% [34.2, 56.4]  elo -33  worst clock 4.1s
  34  +6 =19 -9  score 45.6% [34.4, 56.8]  elo -31  worst clock 4.1s
  36  +6 =21 -9  score 45.8% [35.2, 56.4]  elo -29  worst clock 4.1s
  38  +7 =22 -9  score 47.4% [36.9, 57.8]  elo -18  worst clock 4.1s
  40  +8 =23 -9  score 48.8% [38.5, 59.0]  elo -9  worst clock 4.1s

40 games at 120s + 0.5s
  score 48.8%  [38.5, 59.0]  elo -9
  clock floor: worst 4.1s, median 12.7s

[exited with code 0]
